[0.070s] Invoking command in '/home/naster/Path_Planning/src/build/px4_ros_com': AMENT_PREFIX_PATH=/home/naster/Path_Planning/src/install/px4_msgs:${AMENT_PREFIX_PATH} CMAKE_PREFIX_PATH=/home/naster/Path_Planning/src/install/px4_msgs:/opt/ros/humble LD_LIBRARY_PATH=/home/naster/Path_Planning/src/install/px4_msgs/lib:${LD_LIBRARY_PATH} PS1=(dev_spade) \[\e]0;\u@\h: \w\a\]${debian_chroot:+($debian_chroot)}\[\033[01;32m\]\u@\h\[\033[00m\]:\[\033[01;34m\]\w\[\033[00m\]\$ PYTHONPATH=/home/naster/Path_Planning/src/install/px4_msgs/local/lib/python3.10/dist-packages:${PYTHONPATH} VIRTUAL_ENV_PROMPT=(dev_spade) /usr/bin/cmake /home/naster/Path_Planning/src/px4_ros_com -DCMAKE_INSTALL_PREFIX=/home/naster/Path_Planning/src/install/px4_ros_com
[0.179s] -- The C compiler identification is GNU 11.4.0
[0.449s] -- The CXX compiler identification is GNU 11.4.0
[0.662s] -- Detecting C compiler ABI info
[0.777s] -- Detecting C compiler ABI info - done
[0.786s] -- Check for working C compiler: /usr/bin/cc - skipped
[0.786s] -- Detecting C compile features
[0.786s] -- Detecting C compile features - done
[0.791s] -- Detecting CXX compiler ABI info
[0.921s] -- Detecting CXX compiler ABI info - done
[0.930s] -- Check for working CXX compiler: /usr/bin/c++ - skipped
[0.930s] -- Detecting CXX compile features
[0.931s] -- Detecting CXX compile features - done
[0.933s] -- Found ament_cmake: 1.3.12 (/opt/ros/humble/share/ament_cmake/cmake)
[1.113s] -- Found Python3: /usr/bin/python3 (found version "3.10.12") found components: Interpreter 
[1.209s] -- Found builtin_interfaces: 1.2.2 (/opt/ros/humble/share/builtin_interfaces/cmake)
[1.326s] -- Found rosidl_generator_c: 3.1.7 (/opt/ros/humble/share/rosidl_generator_c/cmake)
[1.330s] -- Found rosidl_adapter: 3.1.7 (/opt/ros/humble/share/rosidl_adapter/cmake)
[1.339s] -- Found rosidl_generator_cpp: 3.1.7 (/opt/ros/humble/share/rosidl_generator_cpp/cmake)
[1.351s] -- Using all available rosidl_typesupport_c: rosidl_typesupport_fastrtps_c;rosidl_typesupport_introspection_c
[1.366s] -- Using all available rosidl_typesupport_cpp: rosidl_typesupport_fastrtps_cpp;rosidl_typesupport_introspection_cpp
[1.384s] -- Found eigen3_cmake_module: 0.1.1 (/opt/ros/humble/share/eigen3_cmake_module/cmake)
[1.401s] -- Found Eigen3: TRUE (found version "3.4.0") 
[1.404s] -- Found geometry_msgs: 4.9.0 (/opt/ros/humble/share/geometry_msgs/cmake)
[1.451s] -- Found px4_msgs: 2.0.1 (/home/naster/Path_Planning/src/install/px4_msgs/share/px4_msgs/cmake)
[1.470s] -- Found rclcpp: 16.0.15 (/opt/ros/humble/share/rclcpp/cmake)
[1.532s] -- Found rmw_implementation_cmake: 6.1.2 (/opt/ros/humble/share/rmw_implementation_cmake/cmake)
[1.536s] -- Found rmw_fastrtps_cpp: 6.2.9 (/opt/ros/humble/share/rmw_fastrtps_cpp/cmake)
[2.114s] -- Found OpenSSL: /usr/lib/x86_64-linux-gnu/libcrypto.so (found version "3.0.2")  
[2.646s] -- Found FastRTPS: /opt/ros/humble/include  
[3.587s] -- Using RMW implementation 'rmw_fastrtps_cpp' as default
[3.601s] -- Looking for pthread.h
[3.682s] -- Looking for pthread.h - found
[3.682s] -- Performing Test CMAKE_HAVE_LIBC_PTHREAD
[3.760s] -- Performing Test CMAKE_HAVE_LIBC_PTHREAD - Success
[3.761s] -- Found Threads: TRUE  
[3.805s] -- Found sensor_msgs: 4.9.0 (/opt/ros/humble/share/sensor_msgs/cmake)
[3.826s] -- Found rclpy: 3.3.17 (/opt/ros/humble/share/rclpy/cmake)
[3.835s] -- Found ament_lint_auto: 0.12.14 (/opt/ros/humble/share/ament_lint_auto/cmake)
[3.927s] -- Added test 'copyright' to check source files copyright and LICENSE
[3.935s] -- Added test 'cppcheck' to perform static code analysis on C / C++ code
[3.935s] -- Configured cppcheck include dirs: /home/naster/Path_Planning/src/px4_ros_com/include;$<BUILD_INTERFACE:/home/naster/Path_Planning/src/px4_ros_com/include/px4_ros_com>
[3.935s] -- Configured cppcheck exclude dirs and/or files: 
[3.938s] -- Added test 'cpplint' to check C / C++ code against the Google style
[3.938s] -- Configured cpplint exclude dirs and/or files: 
[3.940s] -- Added test 'flake8' to check Python code syntax and style conventions
[3.941s] -- Added test 'lint_cmake' to check CMake code style
[3.942s] -- Added test 'pep257' to check Python code against some of the docstring style conventions in PEP 257
[3.945s] -- Added test 'uncrustify' to check C / C++ code style
[3.945s] -- Configured uncrustify additional arguments: 
[3.946s] -- Added test 'xmllint' to check XML markup files
[3.948s] -- Configuring done
[3.977s] -- Generating done
[3.986s] -- Build files have been written to: /home/naster/Path_Planning/src/build/px4_ros_com
[3.994s] Invoked command in '/home/naster/Path_Planning/src/build/px4_ros_com' returned '0': AMENT_PREFIX_PATH=/home/naster/Path_Planning/src/install/px4_msgs:${AMENT_PREFIX_PATH} CMAKE_PREFIX_PATH=/home/naster/Path_Planning/src/install/px4_msgs:/opt/ros/humble LD_LIBRARY_PATH=/home/naster/Path_Planning/src/install/px4_msgs/lib:${LD_LIBRARY_PATH} PS1=(dev_spade) \[\e]0;\u@\h: \w\a\]${debian_chroot:+($debian_chroot)}\[\033[01;32m\]\u@\h\[\033[00m\]:\[\033[01;34m\]\w\[\033[00m\]\$ PYTHONPATH=/home/naster/Path_Planning/src/install/px4_msgs/local/lib/python3.10/dist-packages:${PYTHONPATH} VIRTUAL_ENV_PROMPT=(dev_spade) /usr/bin/cmake /home/naster/Path_Planning/src/px4_ros_com -DCMAKE_INSTALL_PREFIX=/home/naster/Path_Planning/src/install/px4_ros_com
[3.996s] Invoking command in '/home/naster/Path_Planning/src/build/px4_ros_com': AMENT_PREFIX_PATH=/home/naster/Path_Planning/src/install/px4_msgs:${AMENT_PREFIX_PATH} CMAKE_PREFIX_PATH=/home/naster/Path_Planning/src/install/px4_msgs:/opt/ros/humble LD_LIBRARY_PATH=/home/naster/Path_Planning/src/install/px4_msgs/lib:${LD_LIBRARY_PATH} PS1=(dev_spade) \[\e]0;\u@\h: \w\a\]${debian_chroot:+($debian_chroot)}\[\033[01;32m\]\u@\h\[\033[00m\]:\[\033[01;34m\]\w\[\033[00m\]\$ PYTHONPATH=/home/naster/Path_Planning/src/install/px4_msgs/local/lib/python3.10/dist-packages:${PYTHONPATH} VIRTUAL_ENV_PROMPT=(dev_spade) /usr/bin/cmake --build /home/naster/Path_Planning/src/build/px4_ros_com -- -j12 -l12
[4.041s] [  8%] [32mBuilding CXX object CMakeFiles/sensor_combined_listener.dir/src/examples/listeners/sensor_combined_listener.cpp.o[0m
[4.042s] [ 16%] [32mBuilding CXX object CMakeFiles/frame_transforms.dir/src/lib/frame_transforms.cpp.o[0m
[4.043s] [ 25%] [32mBuilding CXX object CMakeFiles/offboard_control.dir/src/examples/offboard/offboard_control.cpp.o[0m
[4.044s] [ 33%] [32mBuilding CXX object CMakeFiles/offboard_control_srv.dir/src/examples/offboard/offboard_control_srv.cpp.o[0m
[4.045s] [ 41%] [32mBuilding CXX object CMakeFiles/vehicle_gps_position_listener.dir/src/examples/listeners/vehicle_gps_position_listener.cpp.o[0m
[4.045s] [ 50%] [32mBuilding CXX object CMakeFiles/debug_vect_advertiser.dir/src/examples/advertisers/debug_vect_advertiser.cpp.o[0m
[4.054s] [ 50%] Built target ament_cmake_python_copy_px4_ros_com
[4.368s] running egg_info
[4.369s] creating px4_ros_com.egg-info
[4.370s] writing px4_ros_com.egg-info/PKG-INFO
[4.370s] writing dependency_links to px4_ros_com.egg-info/dependency_links.txt
[4.370s] writing top-level names to px4_ros_com.egg-info/top_level.txt
[4.371s] writing manifest file 'px4_ros_com.egg-info/SOURCES.txt'
[4.374s] reading manifest file 'px4_ros_com.egg-info/SOURCES.txt'
[4.375s] writing manifest file 'px4_ros_com.egg-info/SOURCES.txt'
[4.415s] [ 50%] Built target ament_cmake_python_build_px4_ros_com_egg
[14.929s] [ 58%] [32m[1mLinking CXX executable debug_vect_advertiser[0m
[15.699s] [ 58%] Built target debug_vect_advertiser
[17.005s] [ 66%] [32m[1mLinking CXX executable offboard_control[0m
[17.489s] [ 66%] Built target offboard_control
[18.110s] [ 75%] [32m[1mLinking CXX executable offboard_control_srv[0m
[18.562s] [ 75%] Built target offboard_control_srv
[19.922s] [ 83%] [32m[1mLinking CXX shared library libframe_transforms.so[0m
[20.333s] [ 83%] Built target frame_transforms
[21.303s] [ 91%] [32m[1mLinking CXX executable sensor_combined_listener[0m
[21.438s] [100%] [32m[1mLinking CXX executable vehicle_gps_position_listener[0m
[21.790s] [100%] Built target sensor_combined_listener
[21.915s] [100%] Built target vehicle_gps_position_listener
[21.931s] Invoked command in '/home/naster/Path_Planning/src/build/px4_ros_com' returned '0': AMENT_PREFIX_PATH=/home/naster/Path_Planning/src/install/px4_msgs:${AMENT_PREFIX_PATH} CMAKE_PREFIX_PATH=/home/naster/Path_Planning/src/install/px4_msgs:/opt/ros/humble LD_LIBRARY_PATH=/home/naster/Path_Planning/src/install/px4_msgs/lib:${LD_LIBRARY_PATH} PS1=(dev_spade) \[\e]0;\u@\h: \w\a\]${debian_chroot:+($debian_chroot)}\[\033[01;32m\]\u@\h\[\033[00m\]:\[\033[01;34m\]\w\[\033[00m\]\$ PYTHONPATH=/home/naster/Path_Planning/src/install/px4_msgs/local/lib/python3.10/dist-packages:${PYTHONPATH} VIRTUAL_ENV_PROMPT=(dev_spade) /usr/bin/cmake --build /home/naster/Path_Planning/src/build/px4_ros_com -- -j12 -l12
[21.934s] Invoking command in '/home/naster/Path_Planning/src/build/px4_ros_com': AMENT_PREFIX_PATH=/home/naster/Path_Planning/src/install/px4_msgs:${AMENT_PREFIX_PATH} CMAKE_PREFIX_PATH=/home/naster/Path_Planning/src/install/px4_msgs:/opt/ros/humble LD_LIBRARY_PATH=/home/naster/Path_Planning/src/install/px4_msgs/lib:${LD_LIBRARY_PATH} PS1=(dev_spade) \[\e]0;\u@\h: \w\a\]${debian_chroot:+($debian_chroot)}\[\033[01;32m\]\u@\h\[\033[00m\]:\[\033[01;34m\]\w\[\033[00m\]\$ PYTHONPATH=/home/naster/Path_Planning/src/install/px4_msgs/local/lib/python3.10/dist-packages:${PYTHONPATH} VIRTUAL_ENV_PROMPT=(dev_spade) /usr/bin/cmake --install /home/naster/Path_Planning/src/build/px4_ros_com
[21.942s] -- Install configuration: ""
[21.943s] -- Installing: /home/naster/Path_Planning/src/install/px4_ros_com/lib/px4_ros_com/sensor_combined_listener
[21.946s] -- Set runtime path of "/home/naster/Path_Planning/src/install/px4_ros_com/lib/px4_ros_com/sensor_combined_listener" to ""
[21.946s] -- Installing: /home/naster/Path_Planning/src/install/px4_ros_com/lib/px4_ros_com/vehicle_gps_position_listener
[21.950s] -- Set runtime path of "/home/naster/Path_Planning/src/install/px4_ros_com/lib/px4_ros_com/vehicle_gps_position_listener" to ""
[21.950s] -- Installing: /home/naster/Path_Planning/src/install/px4_ros_com/lib/px4_ros_com/debug_vect_advertiser
[21.952s] -- Set runtime path of "/home/naster/Path_Planning/src/install/px4_ros_com/lib/px4_ros_com/debug_vect_advertiser" to ""
[21.952s] -- Installing: /home/naster/Path_Planning/src/install/px4_ros_com/lib/px4_ros_com/offboard_control
[21.953s] -- Set runtime path of "/home/naster/Path_Planning/src/install/px4_ros_com/lib/px4_ros_com/offboard_control" to ""
[21.954s] -- Installing: /home/naster/Path_Planning/src/install/px4_ros_com/lib/px4_ros_com/offboard_control_srv
[21.955s] -- Set runtime path of "/home/naster/Path_Planning/src/install/px4_ros_com/lib/px4_ros_com/offboard_control_srv" to ""
[21.956s] -- Installing: /home/naster/Path_Planning/src/install/px4_ros_com/share/px4_ros_com/environment/library_path.sh
[21.957s] -- Installing: /home/naster/Path_Planning/src/install/px4_ros_com/share/px4_ros_com/environment/library_path.dsv
[21.957s] -- Installing: /home/naster/Path_Planning/src/install/px4_ros_com/include/px4_ros_com
[21.957s] -- Installing: /home/naster/Path_Planning/src/install/px4_ros_com/include/px4_ros_com/frame_transforms.h
[21.957s] -- Installing: /home/naster/Path_Planning/src/install/px4_ros_com/lib/libframe_transforms.so
[21.961s] -- Set runtime path of "/home/naster/Path_Planning/src/install/px4_ros_com/lib/libframe_transforms.so" to ""
[21.961s] -- Installing: /home/naster/Path_Planning/src/install/px4_ros_com/share/px4_ros_com//launch
[21.961s] -- Installing: /home/naster/Path_Planning/src/install/px4_ros_com/share/px4_ros_com//launch/offboard_control_launch.yaml
[21.962s] -- Installing: /home/naster/Path_Planning/src/install/px4_ros_com/share/px4_ros_com//launch/sensor_combined_listener.launch.py
[21.963s] -- Installing: /home/naster/Path_Planning/src/install/px4_ros_com/share/px4_ros_com//test
[21.963s] -- Installing: /home/naster/Path_Planning/src/install/px4_ros_com/share/px4_ros_com//test/test_output.py
[21.964s] -- Installing: /home/naster/Path_Planning/src/install/px4_ros_com/share/px4_ros_com//test/pipeline_io_test.py
[21.964s] -- Installing: /home/naster/Path_Planning/src/install/px4_ros_com/share/px4_ros_com//test/__init__.py
[21.965s] -- Installing: /home/naster/Path_Planning/src/install/px4_ros_com/share/px4_ros_com//test/test_input.py
[21.965s] -- Installing: /home/naster/Path_Planning/src/install/px4_ros_com/share/px4_ros_com/environment/pythonpath.sh
[21.965s] -- Installing: /home/naster/Path_Planning/src/install/px4_ros_com/share/px4_ros_com/environment/pythonpath.dsv
[21.965s] -- Installing: /home/naster/Path_Planning/src/install/px4_ros_com/local/lib/python3.10/dist-packages/px4_ros_com-0.1.0-py3.10.egg-info
[21.966s] -- Installing: /home/naster/Path_Planning/src/install/px4_ros_com/local/lib/python3.10/dist-packages/px4_ros_com-0.1.0-py3.10.egg-info/dependency_links.txt
[21.967s] -- Installing: /home/naster/Path_Planning/src/install/px4_ros_com/local/lib/python3.10/dist-packages/px4_ros_com-0.1.0-py3.10.egg-info/top_level.txt
[21.967s] -- Installing: /home/naster/Path_Planning/src/install/px4_ros_com/local/lib/python3.10/dist-packages/px4_ros_com-0.1.0-py3.10.egg-info/SOURCES.txt
[21.967s] -- Installing: /home/naster/Path_Planning/src/install/px4_ros_com/local/lib/python3.10/dist-packages/px4_ros_com-0.1.0-py3.10.egg-info/PKG-INFO
[21.967s] -- Installing: /home/naster/Path_Planning/src/install/px4_ros_com/local/lib/python3.10/dist-packages/px4_ros_com
[21.967s] -- Installing: /home/naster/Path_Planning/src/install/px4_ros_com/local/lib/python3.10/dist-packages/px4_ros_com/module_to_import.py
[21.967s] -- Installing: /home/naster/Path_Planning/src/install/px4_ros_com/local/lib/python3.10/dist-packages/px4_ros_com/__init__.py
[22.006s] Listing '/home/naster/Path_Planning/src/install/px4_ros_com/local/lib/python3.10/dist-packages/px4_ros_com'...
[22.006s] Compiling '/home/naster/Path_Planning/src/install/px4_ros_com/local/lib/python3.10/dist-packages/px4_ros_com/__init__.py'...
[22.006s] Compiling '/home/naster/Path_Planning/src/install/px4_ros_com/local/lib/python3.10/dist-packages/px4_ros_com/module_to_import.py'...
[22.010s] -- Installing: /home/naster/Path_Planning/src/install/px4_ros_com/lib/px4_ros_com/offboard_control.py
[22.012s] -- Installing: /home/naster/Path_Planning/src/install/px4_ros_com/share/ament_index/resource_index/package_run_dependencies/px4_ros_com
[22.012s] -- Installing: /home/naster/Path_Planning/src/install/px4_ros_com/share/ament_index/resource_index/parent_prefix_path/px4_ros_com
[22.013s] -- Installing: /home/naster/Path_Planning/src/install/px4_ros_com/share/px4_ros_com/environment/ament_prefix_path.sh
[22.013s] -- Installing: /home/naster/Path_Planning/src/install/px4_ros_com/share/px4_ros_com/environment/ament_prefix_path.dsv
[22.013s] -- Installing: /home/naster/Path_Planning/src/install/px4_ros_com/share/px4_ros_com/environment/path.sh
[22.013s] -- Installing: /home/naster/Path_Planning/src/install/px4_ros_com/share/px4_ros_com/environment/path.dsv
[22.013s] -- Installing: /home/naster/Path_Planning/src/install/px4_ros_com/share/px4_ros_com/local_setup.bash
[22.014s] -- Installing: /home/naster/Path_Planning/src/install/px4_ros_com/share/px4_ros_com/local_setup.sh
[22.014s] -- Installing: /home/naster/Path_Planning/src/install/px4_ros_com/share/px4_ros_com/local_setup.zsh
[22.014s] -- Installing: /home/naster/Path_Planning/src/install/px4_ros_com/share/px4_ros_com/local_setup.dsv
[22.014s] -- Installing: /home/naster/Path_Planning/src/install/px4_ros_com/share/px4_ros_com/package.dsv
[22.014s] -- Installing: /home/naster/Path_Planning/src/install/px4_ros_com/share/ament_index/resource_index/packages/px4_ros_com
[22.014s] -- Installing: /home/naster/Path_Planning/src/install/px4_ros_com/share/px4_ros_com/cmake/export_frame_transformsExport.cmake
[22.015s] -- Installing: /home/naster/Path_Planning/src/install/px4_ros_com/share/px4_ros_com/cmake/export_frame_transformsExport-noconfig.cmake
[22.015s] -- Installing: /home/naster/Path_Planning/src/install/px4_ros_com/share/px4_ros_com/cmake/ament_cmake_export_dependencies-extras.cmake
[22.015s] -- Installing: /home/naster/Path_Planning/src/install/px4_ros_com/share/px4_ros_com/cmake/ament_cmake_export_targets-extras.cmake
[22.015s] -- Installing: /home/naster/Path_Planning/src/install/px4_ros_com/share/px4_ros_com/cmake/ament_cmake_export_include_directories-extras.cmake
[22.015s] -- Installing: /home/naster/Path_Planning/src/install/px4_ros_com/share/px4_ros_com/cmake/ament_cmake_export_libraries-extras.cmake
[22.015s] -- Installing: /home/naster/Path_Planning/src/install/px4_ros_com/share/px4_ros_com/cmake/px4_ros_comConfig.cmake
[22.016s] -- Installing: /home/naster/Path_Planning/src/install/px4_ros_com/share/px4_ros_com/cmake/px4_ros_comConfig-version.cmake
[22.016s] -- Installing: /home/naster/Path_Planning/src/install/px4_ros_com/share/px4_ros_com/package.xml
[22.019s] Invoked command in '/home/naster/Path_Planning/src/build/px4_ros_com' returned '0': AMENT_PREFIX_PATH=/home/naster/Path_Planning/src/install/px4_msgs:${AMENT_PREFIX_PATH} CMAKE_PREFIX_PATH=/home/naster/Path_Planning/src/install/px4_msgs:/opt/ros/humble LD_LIBRARY_PATH=/home/naster/Path_Planning/src/install/px4_msgs/lib:${LD_LIBRARY_PATH} PS1=(dev_spade) \[\e]0;\u@\h: \w\a\]${debian_chroot:+($debian_chroot)}\[\033[01;32m\]\u@\h\[\033[00m\]:\[\033[01;34m\]\w\[\033[00m\]\$ PYTHONPATH=/home/naster/Path_Planning/src/install/px4_msgs/local/lib/python3.10/dist-packages:${PYTHONPATH} VIRTUAL_ENV_PROMPT=(dev_spade) /usr/bin/cmake --install /home/naster/Path_Planning/src/build/px4_ros_com
