[0.088s] DEBUG:colcon:Command line arguments: ['/usr/bin/colcon', 'build']
[0.088s] DEBUG:colcon:Parsed command line arguments: Namespace(log_base=None, log_level=None, verb_name='build', build_base='build', install_base='install', merge_install=False, symlink_install=False, test_result_base=None, continue_on_error=False, executor='parallel', parallel_workers=12, event_handlers=None, ignore_user_meta=False, metas=['./colcon.meta'], base_paths=['.'], packages_ignore=None, packages_ignore_regex=None, paths=None, packages_up_to=None, packages_up_to_regex=None, packages_above=None, packages_above_and_dependencies=None, packages_above_depth=None, packages_select_by_dep=None, packages_skip_by_dep=None, packages_skip_up_to=None, packages_select_build_failed=False, packages_skip_build_finished=False, packages_select_test_failures=False, packages_skip_test_passed=False, packages_select=None, packages_skip=None, packages_select_regex=None, packages_skip_regex=None, packages_start=None, packages_end=None, allow_overriding=[], cmake_args=None, cmake_target=None, cmake_target_skip_unavailable=False, cmake_clean_cache=False, cmake_clean_first=False, cmake_force_configure=False, ament_cmake_args=None, catkin_cmake_args=None, catkin_skip_building_tests=False, mixin_files=None, mixin=None, verb_parser=<colcon_mixin.mixin.mixin_argument.MixinArgumentDecorator object at 0x76eb48b49f30>, verb_extension=<colcon_core.verb.build.BuildVerb object at 0x76eb48b49a80>, main=<bound method BuildVerb.main of <colcon_core.verb.build.BuildVerb object at 0x76eb48b49a80>>, mixin_verb=('build',))
[0.184s] Level 1:colcon.colcon_core.package_discovery:discover_packages(colcon_meta) check parameters
[0.185s] Level 1:colcon.colcon_core.package_discovery:discover_packages(recursive) check parameters
[0.185s] Level 1:colcon.colcon_core.package_discovery:discover_packages(ignore) check parameters
[0.185s] Level 1:colcon.colcon_core.package_discovery:discover_packages(path) check parameters
[0.185s] Level 1:colcon.colcon_core.package_discovery:discover_packages(colcon_meta) discover
[0.185s] Level 1:colcon.colcon_core.package_discovery:discover_packages(recursive) discover
[0.185s] INFO:colcon.colcon_core.package_discovery:Crawling recursively for packages in '/home/naster/Path_Planning/src'
[0.185s] Level 1:colcon.colcon_core.package_identification:_identify(.) by extensions ['ignore', 'ignore_ament_install']
[0.185s] Level 1:colcon.colcon_core.package_identification:_identify(.) by extension 'ignore'
[0.185s] Level 1:colcon.colcon_core.package_identification:_identify(.) by extension 'ignore_ament_install'
[0.185s] Level 1:colcon.colcon_core.package_identification:_identify(.) by extensions ['colcon_pkg']
[0.185s] Level 1:colcon.colcon_core.package_identification:_identify(.) by extension 'colcon_pkg'
[0.185s] Level 1:colcon.colcon_core.package_identification:_identify(.) by extensions ['colcon_meta']
[0.185s] Level 1:colcon.colcon_core.package_identification:_identify(.) by extension 'colcon_meta'
[0.185s] Level 1:colcon.colcon_core.package_identification:_identify(.) by extensions ['ros']
[0.185s] Level 1:colcon.colcon_core.package_identification:_identify(.) by extension 'ros'
[0.192s] Level 1:colcon.colcon_core.package_identification:_identify(.) by extensions ['cmake', 'python']
[0.192s] Level 1:colcon.colcon_core.package_identification:_identify(.) by extension 'cmake'
[0.192s] Level 1:colcon.colcon_core.package_identification:_identify(.) by extension 'python'
[0.192s] Level 1:colcon.colcon_core.package_identification:_identify(.) by extensions ['python_setup_py']
[0.192s] Level 1:colcon.colcon_core.package_identification:_identify(.) by extension 'python_setup_py'
[0.192s] Level 1:colcon.colcon_core.package_identification:_identify(build) by extensions ['ignore', 'ignore_ament_install']
[0.192s] Level 1:colcon.colcon_core.package_identification:_identify(build) by extension 'ignore'
[0.192s] Level 1:colcon.colcon_core.package_identification:_identify(build) ignored
[0.192s] Level 1:colcon.colcon_core.package_identification:_identify(install) by extensions ['ignore', 'ignore_ament_install']
[0.192s] Level 1:colcon.colcon_core.package_identification:_identify(install) by extension 'ignore'
[0.192s] Level 1:colcon.colcon_core.package_identification:_identify(install) ignored
[0.192s] Level 1:colcon.colcon_core.package_identification:_identify(log) by extensions ['ignore', 'ignore_ament_install']
[0.192s] Level 1:colcon.colcon_core.package_identification:_identify(log) by extension 'ignore'
[0.192s] Level 1:colcon.colcon_core.package_identification:_identify(log) ignored
[0.193s] Level 1:colcon.colcon_core.package_identification:_identify(px4_msgs) by extensions ['ignore', 'ignore_ament_install']
[0.193s] Level 1:colcon.colcon_core.package_identification:_identify(px4_msgs) by extension 'ignore'
[0.193s] Level 1:colcon.colcon_core.package_identification:_identify(px4_msgs) by extension 'ignore_ament_install'
[0.193s] Level 1:colcon.colcon_core.package_identification:_identify(px4_msgs) by extensions ['colcon_pkg']
[0.193s] Level 1:colcon.colcon_core.package_identification:_identify(px4_msgs) by extension 'colcon_pkg'
[0.193s] Level 1:colcon.colcon_core.package_identification:_identify(px4_msgs) by extensions ['colcon_meta']
[0.193s] Level 1:colcon.colcon_core.package_identification:_identify(px4_msgs) by extension 'colcon_meta'
[0.193s] Level 1:colcon.colcon_core.package_identification:_identify(px4_msgs) by extensions ['ros']
[0.193s] Level 1:colcon.colcon_core.package_identification:_identify(px4_msgs) by extension 'ros'
[0.194s] DEBUG:colcon.colcon_core.package_identification:Package 'px4_msgs' with type 'ros.ament_cmake' and name 'px4_msgs'
[0.194s] Level 1:colcon.colcon_core.package_identification:_identify(px4_ros_com) by extensions ['ignore', 'ignore_ament_install']
[0.194s] Level 1:colcon.colcon_core.package_identification:_identify(px4_ros_com) by extension 'ignore'
[0.195s] Level 1:colcon.colcon_core.package_identification:_identify(px4_ros_com) by extension 'ignore_ament_install'
[0.195s] Level 1:colcon.colcon_core.package_identification:_identify(px4_ros_com) by extensions ['colcon_pkg']
[0.195s] Level 1:colcon.colcon_core.package_identification:_identify(px4_ros_com) by extension 'colcon_pkg'
[0.195s] Level 1:colcon.colcon_core.package_identification:_identify(px4_ros_com) by extensions ['colcon_meta']
[0.195s] Level 1:colcon.colcon_core.package_identification:_identify(px4_ros_com) by extension 'colcon_meta'
[0.195s] Level 1:colcon.colcon_core.package_identification:_identify(px4_ros_com) by extensions ['ros']
[0.195s] Level 1:colcon.colcon_core.package_identification:_identify(px4_ros_com) by extension 'ros'
[0.195s] DEBUG:colcon.colcon_core.package_identification:Package 'px4_ros_com' with type 'ros.ament_cmake' and name 'px4_ros_com'
[0.195s] Level 1:colcon.colcon_core.package_discovery:discover_packages(recursive) using defaults
[0.195s] Level 1:colcon.colcon_core.package_discovery:discover_packages(ignore) discover
[0.195s] Level 1:colcon.colcon_core.package_discovery:discover_packages(ignore) using defaults
[0.195s] Level 1:colcon.colcon_core.package_discovery:discover_packages(path) discover
[0.195s] Level 1:colcon.colcon_core.package_discovery:discover_packages(path) using defaults
[0.216s] Level 1:colcon.colcon_core.package_discovery:discover_packages(prefix_path) check parameters
[0.216s] Level 1:colcon.colcon_core.package_discovery:discover_packages(prefix_path) discover
[0.217s] DEBUG:colcon.colcon_installed_package_information.package_discovery:Found 274 installed packages in /opt/ros/humble
[0.218s] Level 1:colcon.colcon_core.package_discovery:discover_packages(prefix_path) using defaults
[0.237s] Level 5:colcon.colcon_core.verb:set package 'px4_msgs' build argument 'cmake_args' from command line to 'None'
[0.237s] Level 5:colcon.colcon_core.verb:set package 'px4_msgs' build argument 'cmake_target' from command line to 'None'
[0.237s] Level 5:colcon.colcon_core.verb:set package 'px4_msgs' build argument 'cmake_target_skip_unavailable' from command line to 'False'
[0.237s] Level 5:colcon.colcon_core.verb:set package 'px4_msgs' build argument 'cmake_clean_cache' from command line to 'False'
[0.237s] Level 5:colcon.colcon_core.verb:set package 'px4_msgs' build argument 'cmake_clean_first' from command line to 'False'
[0.237s] Level 5:colcon.colcon_core.verb:set package 'px4_msgs' build argument 'cmake_force_configure' from command line to 'False'
[0.237s] Level 5:colcon.colcon_core.verb:set package 'px4_msgs' build argument 'ament_cmake_args' from command line to 'None'
[0.237s] Level 5:colcon.colcon_core.verb:set package 'px4_msgs' build argument 'catkin_cmake_args' from command line to 'None'
[0.237s] Level 5:colcon.colcon_core.verb:set package 'px4_msgs' build argument 'catkin_skip_building_tests' from command line to 'False'
[0.237s] DEBUG:colcon.colcon_core.verb:Building package 'px4_msgs' with the following arguments: {'ament_cmake_args': None, 'build_base': '/home/naster/Path_Planning/src/build/px4_msgs', 'catkin_cmake_args': None, 'catkin_skip_building_tests': False, 'cmake_args': None, 'cmake_clean_cache': False, 'cmake_clean_first': False, 'cmake_force_configure': False, 'cmake_target': None, 'cmake_target_skip_unavailable': False, 'install_base': '/home/naster/Path_Planning/src/install/px4_msgs', 'merge_install': False, 'path': '/home/naster/Path_Planning/src/px4_msgs', 'symlink_install': False, 'test_result_base': None}
[0.238s] Level 5:colcon.colcon_core.verb:set package 'px4_ros_com' build argument 'cmake_args' from command line to 'None'
[0.238s] Level 5:colcon.colcon_core.verb:set package 'px4_ros_com' build argument 'cmake_target' from command line to 'None'
[0.238s] Level 5:colcon.colcon_core.verb:set package 'px4_ros_com' build argument 'cmake_target_skip_unavailable' from command line to 'False'
[0.238s] Level 5:colcon.colcon_core.verb:set package 'px4_ros_com' build argument 'cmake_clean_cache' from command line to 'False'
[0.238s] Level 5:colcon.colcon_core.verb:set package 'px4_ros_com' build argument 'cmake_clean_first' from command line to 'False'
[0.238s] Level 5:colcon.colcon_core.verb:set package 'px4_ros_com' build argument 'cmake_force_configure' from command line to 'False'
[0.238s] Level 5:colcon.colcon_core.verb:set package 'px4_ros_com' build argument 'ament_cmake_args' from command line to 'None'
[0.238s] Level 5:colcon.colcon_core.verb:set package 'px4_ros_com' build argument 'catkin_cmake_args' from command line to 'None'
[0.238s] Level 5:colcon.colcon_core.verb:set package 'px4_ros_com' build argument 'catkin_skip_building_tests' from command line to 'False'
[0.238s] DEBUG:colcon.colcon_core.verb:Building package 'px4_ros_com' with the following arguments: {'ament_cmake_args': None, 'build_base': '/home/naster/Path_Planning/src/build/px4_ros_com', 'catkin_cmake_args': None, 'catkin_skip_building_tests': False, 'cmake_args': None, 'cmake_clean_cache': False, 'cmake_clean_first': False, 'cmake_force_configure': False, 'cmake_target': None, 'cmake_target_skip_unavailable': False, 'install_base': '/home/naster/Path_Planning/src/install/px4_ros_com', 'merge_install': False, 'path': '/home/naster/Path_Planning/src/px4_ros_com', 'symlink_install': False, 'test_result_base': None}
[0.238s] INFO:colcon.colcon_core.executor:Executing jobs using 'parallel' executor
[0.239s] DEBUG:colcon.colcon_parallel_executor.executor.parallel:run_until_complete
[0.239s] INFO:colcon.colcon_ros.task.ament_cmake.build:Building ROS package in '/home/naster/Path_Planning/src/px4_msgs' with build type 'ament_cmake'
[0.239s] INFO:colcon.colcon_cmake.task.cmake.build:Building CMake package in '/home/naster/Path_Planning/src/px4_msgs'
[0.243s] INFO:colcon.colcon_core.plugin_system:Skipping extension 'colcon_core.shell.bat': Not used on non-Windows systems
[0.243s] INFO:colcon.colcon_core.shell:Skip shell extension 'powershell' for command environment: Not usable outside of PowerShell
[0.243s] DEBUG:colcon.colcon_core.shell:Skip shell extension 'dsv' for command environment
[0.251s] DEBUG:colcon.colcon_core.event_handler.log_command:Invoking command in '/home/naster/Path_Planning/src/build/px4_msgs': CMAKE_PREFIX_PATH=/opt/ros/humble PS1=(dev_spade) \[\e]0;\u@\h: \w\a\]${debian_chroot:+($debian_chroot)}\[\033[01;32m\]\u@\h\[\033[00m\]:\[\033[01;34m\]\w\[\033[00m\]\$ VIRTUAL_ENV_PROMPT=(dev_spade) /usr/bin/cmake /home/naster/Path_Planning/src/px4_msgs -DCMAKE_INSTALL_PREFIX=/home/naster/Path_Planning/src/install/px4_msgs
[3.298s] DEBUG:colcon.colcon_core.event_handler.log_command:Invoked command in '/home/naster/Path_Planning/src/build/px4_msgs' returned '0': CMAKE_PREFIX_PATH=/opt/ros/humble PS1=(dev_spade) \[\e]0;\u@\h: \w\a\]${debian_chroot:+($debian_chroot)}\[\033[01;32m\]\u@\h\[\033[00m\]:\[\033[01;34m\]\w\[\033[00m\]\$ VIRTUAL_ENV_PROMPT=(dev_spade) /usr/bin/cmake /home/naster/Path_Planning/src/px4_msgs -DCMAKE_INSTALL_PREFIX=/home/naster/Path_Planning/src/install/px4_msgs
[3.298s] DEBUG:colcon.colcon_core.event_handler.log_command:Invoking command in '/home/naster/Path_Planning/src/build/px4_msgs': CMAKE_PREFIX_PATH=/opt/ros/humble PS1=(dev_spade) \[\e]0;\u@\h: \w\a\]${debian_chroot:+($debian_chroot)}\[\033[01;32m\]\u@\h\[\033[00m\]:\[\033[01;34m\]\w\[\033[00m\]\$ VIRTUAL_ENV_PROMPT=(dev_spade) /usr/bin/cmake --build /home/naster/Path_Planning/src/build/px4_msgs -- -j12 -l12
[317.842s] DEBUG:colcon.colcon_core.event_handler.log_command:Invoked command in '/home/naster/Path_Planning/src/build/px4_msgs' returned '0': CMAKE_PREFIX_PATH=/opt/ros/humble PS1=(dev_spade) \[\e]0;\u@\h: \w\a\]${debian_chroot:+($debian_chroot)}\[\033[01;32m\]\u@\h\[\033[00m\]:\[\033[01;34m\]\w\[\033[00m\]\$ VIRTUAL_ENV_PROMPT=(dev_spade) /usr/bin/cmake --build /home/naster/Path_Planning/src/build/px4_msgs -- -j12 -l12
[317.854s] DEBUG:colcon.colcon_core.event_handler.log_command:Invoking command in '/home/naster/Path_Planning/src/build/px4_msgs': CMAKE_PREFIX_PATH=/opt/ros/humble PS1=(dev_spade) \[\e]0;\u@\h: \w\a\]${debian_chroot:+($debian_chroot)}\[\033[01;32m\]\u@\h\[\033[00m\]:\[\033[01;34m\]\w\[\033[00m\]\$ VIRTUAL_ENV_PROMPT=(dev_spade) /usr/bin/cmake --install /home/naster/Path_Planning/src/build/px4_msgs
[320.085s] Level 1:colcon.colcon_core.environment:create_environment_scripts_only(px4_msgs)
[320.085s] DEBUG:colcon.colcon_core.event_handler.log_command:Invoked command in '/home/naster/Path_Planning/src/build/px4_msgs' returned '0': CMAKE_PREFIX_PATH=/opt/ros/humble PS1=(dev_spade) \[\e]0;\u@\h: \w\a\]${debian_chroot:+($debian_chroot)}\[\033[01;32m\]\u@\h\[\033[00m\]:\[\033[01;34m\]\w\[\033[00m\]\$ VIRTUAL_ENV_PROMPT=(dev_spade) /usr/bin/cmake --install /home/naster/Path_Planning/src/build/px4_msgs
[320.097s] Level 1:colcon.colcon_core.environment:checking '/home/naster/Path_Planning/src/install/px4_msgs' for CMake module files
[320.098s] Level 1:colcon.colcon_core.environment:checking '/home/naster/Path_Planning/src/install/px4_msgs' for CMake config files
[320.102s] Level 1:colcon.colcon_core.shell:create_environment_hook('px4_msgs', 'cmake_prefix_path')
[320.102s] INFO:colcon.colcon_core.shell:Creating environment hook '/home/naster/Path_Planning/src/install/px4_msgs/share/px4_msgs/hook/cmake_prefix_path.ps1'
[320.104s] INFO:colcon.colcon_core.shell:Creating environment descriptor '/home/naster/Path_Planning/src/install/px4_msgs/share/px4_msgs/hook/cmake_prefix_path.dsv'
[320.105s] INFO:colcon.colcon_core.shell:Creating environment hook '/home/naster/Path_Planning/src/install/px4_msgs/share/px4_msgs/hook/cmake_prefix_path.sh'
[320.106s] Level 1:colcon.colcon_core.environment:checking '/home/naster/Path_Planning/src/install/px4_msgs/lib'
[320.107s] Level 1:colcon.colcon_core.shell:create_environment_hook('px4_msgs', 'ld_library_path_lib')
[320.107s] INFO:colcon.colcon_core.shell:Creating environment hook '/home/naster/Path_Planning/src/install/px4_msgs/share/px4_msgs/hook/ld_library_path_lib.ps1'
[320.107s] INFO:colcon.colcon_core.shell:Creating environment descriptor '/home/naster/Path_Planning/src/install/px4_msgs/share/px4_msgs/hook/ld_library_path_lib.dsv'
[320.108s] INFO:colcon.colcon_core.shell:Creating environment hook '/home/naster/Path_Planning/src/install/px4_msgs/share/px4_msgs/hook/ld_library_path_lib.sh'
[320.108s] Level 1:colcon.colcon_core.environment:checking '/home/naster/Path_Planning/src/install/px4_msgs/bin'
[320.108s] Level 1:colcon.colcon_core.environment:checking '/home/naster/Path_Planning/src/install/px4_msgs/lib/pkgconfig/px4_msgs.pc'
[320.108s] Level 1:colcon.colcon_core.environment:checking '/home/naster/Path_Planning/src/install/px4_msgs/lib/python3.10/site-packages'
[320.109s] Level 1:colcon.colcon_core.environment:checking '/home/naster/Path_Planning/src/install/px4_msgs/bin'
[320.109s] INFO:colcon.colcon_core.shell:Creating package script '/home/naster/Path_Planning/src/install/px4_msgs/share/px4_msgs/package.ps1'
[320.111s] INFO:colcon.colcon_core.shell:Creating package descriptor '/home/naster/Path_Planning/src/install/px4_msgs/share/px4_msgs/package.dsv'
[320.112s] INFO:colcon.colcon_core.shell:Creating package script '/home/naster/Path_Planning/src/install/px4_msgs/share/px4_msgs/package.sh'
[320.114s] INFO:colcon.colcon_core.shell:Creating package script '/home/naster/Path_Planning/src/install/px4_msgs/share/px4_msgs/package.bash'
[320.116s] INFO:colcon.colcon_core.shell:Creating package script '/home/naster/Path_Planning/src/install/px4_msgs/share/px4_msgs/package.zsh'
[320.117s] Level 1:colcon.colcon_core.environment:create_file_with_runtime_dependencies(/home/naster/Path_Planning/src/install/px4_msgs/share/colcon-core/packages/px4_msgs)
[320.119s] Level 1:colcon.colcon_core.environment:create_environment_scripts_only(px4_msgs)
[320.119s] Level 1:colcon.colcon_core.environment:checking '/home/naster/Path_Planning/src/install/px4_msgs' for CMake module files
[320.120s] Level 1:colcon.colcon_core.environment:checking '/home/naster/Path_Planning/src/install/px4_msgs' for CMake config files
[320.124s] Level 1:colcon.colcon_core.shell:create_environment_hook('px4_msgs', 'cmake_prefix_path')
[320.124s] INFO:colcon.colcon_core.shell:Creating environment hook '/home/naster/Path_Planning/src/install/px4_msgs/share/px4_msgs/hook/cmake_prefix_path.ps1'
[320.125s] INFO:colcon.colcon_core.shell:Creating environment descriptor '/home/naster/Path_Planning/src/install/px4_msgs/share/px4_msgs/hook/cmake_prefix_path.dsv'
[320.126s] INFO:colcon.colcon_core.shell:Creating environment hook '/home/naster/Path_Planning/src/install/px4_msgs/share/px4_msgs/hook/cmake_prefix_path.sh'
[320.126s] Level 1:colcon.colcon_core.environment:checking '/home/naster/Path_Planning/src/install/px4_msgs/lib'
[320.126s] Level 1:colcon.colcon_core.shell:create_environment_hook('px4_msgs', 'ld_library_path_lib')
[320.127s] INFO:colcon.colcon_core.shell:Creating environment hook '/home/naster/Path_Planning/src/install/px4_msgs/share/px4_msgs/hook/ld_library_path_lib.ps1'
[320.127s] INFO:colcon.colcon_core.shell:Creating environment descriptor '/home/naster/Path_Planning/src/install/px4_msgs/share/px4_msgs/hook/ld_library_path_lib.dsv'
[320.127s] INFO:colcon.colcon_core.shell:Creating environment hook '/home/naster/Path_Planning/src/install/px4_msgs/share/px4_msgs/hook/ld_library_path_lib.sh'
[320.128s] Level 1:colcon.colcon_core.environment:checking '/home/naster/Path_Planning/src/install/px4_msgs/bin'
[320.128s] Level 1:colcon.colcon_core.environment:checking '/home/naster/Path_Planning/src/install/px4_msgs/lib/pkgconfig/px4_msgs.pc'
[320.128s] Level 1:colcon.colcon_core.environment:checking '/home/naster/Path_Planning/src/install/px4_msgs/lib/python3.10/site-packages'
[320.129s] Level 1:colcon.colcon_core.environment:checking '/home/naster/Path_Planning/src/install/px4_msgs/bin'
[320.129s] INFO:colcon.colcon_core.shell:Creating package script '/home/naster/Path_Planning/src/install/px4_msgs/share/px4_msgs/package.ps1'
[320.130s] INFO:colcon.colcon_core.shell:Creating package descriptor '/home/naster/Path_Planning/src/install/px4_msgs/share/px4_msgs/package.dsv'
[320.130s] INFO:colcon.colcon_core.shell:Creating package script '/home/naster/Path_Planning/src/install/px4_msgs/share/px4_msgs/package.sh'
[320.131s] INFO:colcon.colcon_core.shell:Creating package script '/home/naster/Path_Planning/src/install/px4_msgs/share/px4_msgs/package.bash'
[320.131s] INFO:colcon.colcon_core.shell:Creating package script '/home/naster/Path_Planning/src/install/px4_msgs/share/px4_msgs/package.zsh'
[320.132s] Level 1:colcon.colcon_core.environment:create_file_with_runtime_dependencies(/home/naster/Path_Planning/src/install/px4_msgs/share/colcon-core/packages/px4_msgs)
[320.133s] INFO:colcon.colcon_ros.task.ament_cmake.build:Building ROS package in '/home/naster/Path_Planning/src/px4_ros_com' with build type 'ament_cmake'
[320.133s] INFO:colcon.colcon_cmake.task.cmake.build:Building CMake package in '/home/naster/Path_Planning/src/px4_ros_com'
[320.133s] INFO:colcon.colcon_core.shell:Skip shell extension 'powershell' for command environment: Not usable outside of PowerShell
[320.133s] DEBUG:colcon.colcon_core.shell:Skip shell extension 'dsv' for command environment
[320.204s] DEBUG:colcon.colcon_core.event_handler.log_command:Invoking command in '/home/naster/Path_Planning/src/build/px4_ros_com': AMENT_PREFIX_PATH=/home/naster/Path_Planning/src/install/px4_msgs:${AMENT_PREFIX_PATH} CMAKE_PREFIX_PATH=/home/naster/Path_Planning/src/install/px4_msgs:/opt/ros/humble LD_LIBRARY_PATH=/home/naster/Path_Planning/src/install/px4_msgs/lib:${LD_LIBRARY_PATH} PS1=(dev_spade) \[\e]0;\u@\h: \w\a\]${debian_chroot:+($debian_chroot)}\[\033[01;32m\]\u@\h\[\033[00m\]:\[\033[01;34m\]\w\[\033[00m\]\$ PYTHONPATH=/home/naster/Path_Planning/src/install/px4_msgs/local/lib/python3.10/dist-packages:${PYTHONPATH} VIRTUAL_ENV_PROMPT=(dev_spade) /usr/bin/cmake /home/naster/Path_Planning/src/px4_ros_com -DCMAKE_INSTALL_PREFIX=/home/naster/Path_Planning/src/install/px4_ros_com
[324.129s] DEBUG:colcon.colcon_core.event_handler.log_command:Invoked command in '/home/naster/Path_Planning/src/build/px4_ros_com' returned '0': AMENT_PREFIX_PATH=/home/naster/Path_Planning/src/install/px4_msgs:${AMENT_PREFIX_PATH} CMAKE_PREFIX_PATH=/home/naster/Path_Planning/src/install/px4_msgs:/opt/ros/humble LD_LIBRARY_PATH=/home/naster/Path_Planning/src/install/px4_msgs/lib:${LD_LIBRARY_PATH} PS1=(dev_spade) \[\e]0;\u@\h: \w\a\]${debian_chroot:+($debian_chroot)}\[\033[01;32m\]\u@\h\[\033[00m\]:\[\033[01;34m\]\w\[\033[00m\]\$ PYTHONPATH=/home/naster/Path_Planning/src/install/px4_msgs/local/lib/python3.10/dist-packages:${PYTHONPATH} VIRTUAL_ENV_PROMPT=(dev_spade) /usr/bin/cmake /home/naster/Path_Planning/src/px4_ros_com -DCMAKE_INSTALL_PREFIX=/home/naster/Path_Planning/src/install/px4_ros_com
[324.130s] DEBUG:colcon.colcon_core.event_handler.log_command:Invoking command in '/home/naster/Path_Planning/src/build/px4_ros_com': AMENT_PREFIX_PATH=/home/naster/Path_Planning/src/install/px4_msgs:${AMENT_PREFIX_PATH} CMAKE_PREFIX_PATH=/home/naster/Path_Planning/src/install/px4_msgs:/opt/ros/humble LD_LIBRARY_PATH=/home/naster/Path_Planning/src/install/px4_msgs/lib:${LD_LIBRARY_PATH} PS1=(dev_spade) \[\e]0;\u@\h: \w\a\]${debian_chroot:+($debian_chroot)}\[\033[01;32m\]\u@\h\[\033[00m\]:\[\033[01;34m\]\w\[\033[00m\]\$ PYTHONPATH=/home/naster/Path_Planning/src/install/px4_msgs/local/lib/python3.10/dist-packages:${PYTHONPATH} VIRTUAL_ENV_PROMPT=(dev_spade) /usr/bin/cmake --build /home/naster/Path_Planning/src/build/px4_ros_com -- -j12 -l12
[342.066s] DEBUG:colcon.colcon_core.event_handler.log_command:Invoked command in '/home/naster/Path_Planning/src/build/px4_ros_com' returned '0': AMENT_PREFIX_PATH=/home/naster/Path_Planning/src/install/px4_msgs:${AMENT_PREFIX_PATH} CMAKE_PREFIX_PATH=/home/naster/Path_Planning/src/install/px4_msgs:/opt/ros/humble LD_LIBRARY_PATH=/home/naster/Path_Planning/src/install/px4_msgs/lib:${LD_LIBRARY_PATH} PS1=(dev_spade) \[\e]0;\u@\h: \w\a\]${debian_chroot:+($debian_chroot)}\[\033[01;32m\]\u@\h\[\033[00m\]:\[\033[01;34m\]\w\[\033[00m\]\$ PYTHONPATH=/home/naster/Path_Planning/src/install/px4_msgs/local/lib/python3.10/dist-packages:${PYTHONPATH} VIRTUAL_ENV_PROMPT=(dev_spade) /usr/bin/cmake --build /home/naster/Path_Planning/src/build/px4_ros_com -- -j12 -l12
[342.068s] DEBUG:colcon.colcon_core.event_handler.log_command:Invoking command in '/home/naster/Path_Planning/src/build/px4_ros_com': AMENT_PREFIX_PATH=/home/naster/Path_Planning/src/install/px4_msgs:${AMENT_PREFIX_PATH} CMAKE_PREFIX_PATH=/home/naster/Path_Planning/src/install/px4_msgs:/opt/ros/humble LD_LIBRARY_PATH=/home/naster/Path_Planning/src/install/px4_msgs/lib:${LD_LIBRARY_PATH} PS1=(dev_spade) \[\e]0;\u@\h: \w\a\]${debian_chroot:+($debian_chroot)}\[\033[01;32m\]\u@\h\[\033[00m\]:\[\033[01;34m\]\w\[\033[00m\]\$ PYTHONPATH=/home/naster/Path_Planning/src/install/px4_msgs/local/lib/python3.10/dist-packages:${PYTHONPATH} VIRTUAL_ENV_PROMPT=(dev_spade) /usr/bin/cmake --install /home/naster/Path_Planning/src/build/px4_ros_com
[342.152s] Level 1:colcon.colcon_core.environment:create_environment_scripts_only(px4_ros_com)
[342.153s] Level 1:colcon.colcon_core.environment:checking '/home/naster/Path_Planning/src/install/px4_ros_com' for CMake module files
[342.153s] DEBUG:colcon.colcon_core.event_handler.log_command:Invoked command in '/home/naster/Path_Planning/src/build/px4_ros_com' returned '0': AMENT_PREFIX_PATH=/home/naster/Path_Planning/src/install/px4_msgs:${AMENT_PREFIX_PATH} CMAKE_PREFIX_PATH=/home/naster/Path_Planning/src/install/px4_msgs:/opt/ros/humble LD_LIBRARY_PATH=/home/naster/Path_Planning/src/install/px4_msgs/lib:${LD_LIBRARY_PATH} PS1=(dev_spade) \[\e]0;\u@\h: \w\a\]${debian_chroot:+($debian_chroot)}\[\033[01;32m\]\u@\h\[\033[00m\]:\[\033[01;34m\]\w\[\033[00m\]\$ PYTHONPATH=/home/naster/Path_Planning/src/install/px4_msgs/local/lib/python3.10/dist-packages:${PYTHONPATH} VIRTUAL_ENV_PROMPT=(dev_spade) /usr/bin/cmake --install /home/naster/Path_Planning/src/build/px4_ros_com
[342.154s] Level 1:colcon.colcon_core.environment:checking '/home/naster/Path_Planning/src/install/px4_ros_com' for CMake config files
[342.154s] Level 1:colcon.colcon_core.shell:create_environment_hook('px4_ros_com', 'cmake_prefix_path')
[342.154s] INFO:colcon.colcon_core.shell:Creating environment hook '/home/naster/Path_Planning/src/install/px4_ros_com/share/px4_ros_com/hook/cmake_prefix_path.ps1'
[342.155s] INFO:colcon.colcon_core.shell:Creating environment descriptor '/home/naster/Path_Planning/src/install/px4_ros_com/share/px4_ros_com/hook/cmake_prefix_path.dsv'
[342.156s] INFO:colcon.colcon_core.shell:Creating environment hook '/home/naster/Path_Planning/src/install/px4_ros_com/share/px4_ros_com/hook/cmake_prefix_path.sh'
[342.156s] Level 1:colcon.colcon_core.environment:checking '/home/naster/Path_Planning/src/install/px4_ros_com/lib'
[342.156s] Level 1:colcon.colcon_core.shell:create_environment_hook('px4_ros_com', 'ld_library_path_lib')
[342.157s] INFO:colcon.colcon_core.shell:Creating environment hook '/home/naster/Path_Planning/src/install/px4_ros_com/share/px4_ros_com/hook/ld_library_path_lib.ps1'
[342.157s] INFO:colcon.colcon_core.shell:Creating environment descriptor '/home/naster/Path_Planning/src/install/px4_ros_com/share/px4_ros_com/hook/ld_library_path_lib.dsv'
[342.157s] INFO:colcon.colcon_core.shell:Creating environment hook '/home/naster/Path_Planning/src/install/px4_ros_com/share/px4_ros_com/hook/ld_library_path_lib.sh'
[342.158s] Level 1:colcon.colcon_core.environment:checking '/home/naster/Path_Planning/src/install/px4_ros_com/bin'
[342.158s] Level 1:colcon.colcon_core.environment:checking '/home/naster/Path_Planning/src/install/px4_ros_com/lib/pkgconfig/px4_ros_com.pc'
[342.158s] Level 1:colcon.colcon_core.environment:checking '/home/naster/Path_Planning/src/install/px4_ros_com/lib/python3.10/site-packages'
[342.158s] Level 1:colcon.colcon_core.environment:checking '/home/naster/Path_Planning/src/install/px4_ros_com/bin'
[342.159s] INFO:colcon.colcon_core.shell:Creating package script '/home/naster/Path_Planning/src/install/px4_ros_com/share/px4_ros_com/package.ps1'
[342.159s] INFO:colcon.colcon_core.shell:Creating package descriptor '/home/naster/Path_Planning/src/install/px4_ros_com/share/px4_ros_com/package.dsv'
[342.159s] INFO:colcon.colcon_core.shell:Creating package script '/home/naster/Path_Planning/src/install/px4_ros_com/share/px4_ros_com/package.sh'
[342.160s] INFO:colcon.colcon_core.shell:Creating package script '/home/naster/Path_Planning/src/install/px4_ros_com/share/px4_ros_com/package.bash'
[342.160s] INFO:colcon.colcon_core.shell:Creating package script '/home/naster/Path_Planning/src/install/px4_ros_com/share/px4_ros_com/package.zsh'
[342.161s] Level 1:colcon.colcon_core.environment:create_file_with_runtime_dependencies(/home/naster/Path_Planning/src/install/px4_ros_com/share/colcon-core/packages/px4_ros_com)
[342.162s] Level 1:colcon.colcon_core.environment:create_environment_scripts_only(px4_ros_com)
[342.162s] Level 1:colcon.colcon_core.environment:checking '/home/naster/Path_Planning/src/install/px4_ros_com' for CMake module files
[342.162s] Level 1:colcon.colcon_core.environment:checking '/home/naster/Path_Planning/src/install/px4_ros_com' for CMake config files
[342.162s] Level 1:colcon.colcon_core.shell:create_environment_hook('px4_ros_com', 'cmake_prefix_path')
[342.163s] INFO:colcon.colcon_core.shell:Creating environment hook '/home/naster/Path_Planning/src/install/px4_ros_com/share/px4_ros_com/hook/cmake_prefix_path.ps1'
[342.163s] INFO:colcon.colcon_core.shell:Creating environment descriptor '/home/naster/Path_Planning/src/install/px4_ros_com/share/px4_ros_com/hook/cmake_prefix_path.dsv'
[342.163s] INFO:colcon.colcon_core.shell:Creating environment hook '/home/naster/Path_Planning/src/install/px4_ros_com/share/px4_ros_com/hook/cmake_prefix_path.sh'
[342.164s] Level 1:colcon.colcon_core.environment:checking '/home/naster/Path_Planning/src/install/px4_ros_com/lib'
[342.164s] Level 1:colcon.colcon_core.shell:create_environment_hook('px4_ros_com', 'ld_library_path_lib')
[342.164s] INFO:colcon.colcon_core.shell:Creating environment hook '/home/naster/Path_Planning/src/install/px4_ros_com/share/px4_ros_com/hook/ld_library_path_lib.ps1'
[342.165s] INFO:colcon.colcon_core.shell:Creating environment descriptor '/home/naster/Path_Planning/src/install/px4_ros_com/share/px4_ros_com/hook/ld_library_path_lib.dsv'
[342.165s] INFO:colcon.colcon_core.shell:Creating environment hook '/home/naster/Path_Planning/src/install/px4_ros_com/share/px4_ros_com/hook/ld_library_path_lib.sh'
[342.165s] Level 1:colcon.colcon_core.environment:checking '/home/naster/Path_Planning/src/install/px4_ros_com/bin'
[342.165s] Level 1:colcon.colcon_core.environment:checking '/home/naster/Path_Planning/src/install/px4_ros_com/lib/pkgconfig/px4_ros_com.pc'
[342.166s] Level 1:colcon.colcon_core.environment:checking '/home/naster/Path_Planning/src/install/px4_ros_com/lib/python3.10/site-packages'
[342.166s] Level 1:colcon.colcon_core.environment:checking '/home/naster/Path_Planning/src/install/px4_ros_com/bin'
[342.166s] INFO:colcon.colcon_core.shell:Creating package script '/home/naster/Path_Planning/src/install/px4_ros_com/share/px4_ros_com/package.ps1'
[342.167s] INFO:colcon.colcon_core.shell:Creating package descriptor '/home/naster/Path_Planning/src/install/px4_ros_com/share/px4_ros_com/package.dsv'
[342.167s] INFO:colcon.colcon_core.shell:Creating package script '/home/naster/Path_Planning/src/install/px4_ros_com/share/px4_ros_com/package.sh'
[342.168s] INFO:colcon.colcon_core.shell:Creating package script '/home/naster/Path_Planning/src/install/px4_ros_com/share/px4_ros_com/package.bash'
[342.168s] INFO:colcon.colcon_core.shell:Creating package script '/home/naster/Path_Planning/src/install/px4_ros_com/share/px4_ros_com/package.zsh'
[342.169s] Level 1:colcon.colcon_core.environment:create_file_with_runtime_dependencies(/home/naster/Path_Planning/src/install/px4_ros_com/share/colcon-core/packages/px4_ros_com)
[342.169s] DEBUG:colcon.colcon_parallel_executor.executor.parallel:closing loop
[342.170s] DEBUG:colcon.colcon_parallel_executor.executor.parallel:loop closed
[342.170s] DEBUG:colcon.colcon_parallel_executor.executor.parallel:run_until_complete finished with '0'
[342.170s] DEBUG:colcon.colcon_core.event_reactor:joining thread
[342.207s] INFO:colcon.colcon_core.plugin_system:Skipping extension 'colcon_notification.desktop_notification.notify_send': Could not find 'notify-send'
[342.207s] INFO:colcon.colcon_core.plugin_system:Skipping extension 'colcon_notification.desktop_notification.terminal_notifier': Not used on non-Darwin systems
[342.207s] INFO:colcon.colcon_core.plugin_system:Skipping extension 'colcon_notification.desktop_notification.win32': Not used on non-Windows systems
[342.207s] INFO:colcon.colcon_notification.desktop_notification:Sending desktop notification using 'notify2'
[342.241s] DEBUG:colcon.colcon_notification.desktop_notification.notify2:Failed to initialize notify2: org.freedesktop.DBus.Error.ServiceUnknown: The name org.freedesktop.Notifications was not provided by any .service files
[342.241s] DEBUG:colcon.colcon_core.event_reactor:joined thread
[342.241s] INFO:colcon.colcon_core.shell:Creating prefix script '/home/naster/Path_Planning/src/install/local_setup.ps1'
[342.243s] INFO:colcon.colcon_core.shell:Creating prefix util module '/home/naster/Path_Planning/src/install/_local_setup_util_ps1.py'
[342.244s] INFO:colcon.colcon_core.shell:Creating prefix chain script '/home/naster/Path_Planning/src/install/setup.ps1'
[342.246s] INFO:colcon.colcon_core.shell:Creating prefix script '/home/naster/Path_Planning/src/install/local_setup.sh'
[342.246s] INFO:colcon.colcon_core.shell:Creating prefix util module '/home/naster/Path_Planning/src/install/_local_setup_util_sh.py'
[342.247s] INFO:colcon.colcon_core.shell:Creating prefix chain script '/home/naster/Path_Planning/src/install/setup.sh'
[342.248s] INFO:colcon.colcon_core.shell:Creating prefix script '/home/naster/Path_Planning/src/install/local_setup.bash'
[342.249s] INFO:colcon.colcon_core.shell:Creating prefix chain script '/home/naster/Path_Planning/src/install/setup.bash'
[342.250s] INFO:colcon.colcon_core.shell:Creating prefix script '/home/naster/Path_Planning/src/install/local_setup.zsh'
[342.251s] INFO:colcon.colcon_core.shell:Creating prefix chain script '/home/naster/Path_Planning/src/install/setup.zsh'
